[0m10:12:35.509169 [debug] [MainThread]: Sending event: {'category': 'dbt', 'action': 'invocation', 'label': 'start', 'context': [<snowplow_tracker.self_describing_json.SelfDescribingJson object at 0x10c291be0>, <snowplow_tracker.self_describing_json.SelfDescribingJson object at 0x10d6b74d0>, <snowplow_tracker.self_describing_json.SelfDescribingJson object at 0x10d6b7890>]}


============================== 10:12:35.512757 | 02346184-39a2-47c7-8b0a-c572ed7956b2 ==============================
[0m10:12:35.512757 [info ] [MainThread]: Running with dbt=1.12.5
[0m10:12:35.513125 [debug] [MainThread]: running dbt with arguments {'static_parser': 'True', 'use_experimental_parser': 'False', 'empty': 'None', 'profiles_dir': 'dbt', 'fail_fast': 'False', 'hints_enabled': 'True', 'indirect_selection': 'eager', 'printer_width': '80', 'cache_selected_only': 'False', 'quiet': 'False', 'introspect': 'True', 'invocation_command': 'dbt debug --project-dir dbt --profiles-dir dbt', 'no_print': 'None', 'write_json': 'True', 'log_path': 'logs', 'warn_error_options': 'WarnErrorOptionsV2(error=[], warn=[], silence=[])', 'log_format': 'default', 'use_colors': 'True', 'debug': 'False', 'maximum_seed_size_mib': '1', 'version_check': 'True', 'warn_error': 'None', 'log_cache_events': 'False', 'partial_parse': 'True', 'send_anonymous_usage_stats': 'True', 'target_path': 'None'}
[0m10:12:35.527818 [info ] [MainThread]: dbt version: 1.12.5
[0m10:12:35.528070 [info ] [MainThread]: python version: 3.13.5
[0m10:12:35.528256 [info ] [MainThread]: python path: /Users/raphael/Documents/Dev/AITrivia/.venv/bin/python3.13
[0m10:12:35.528388 [info ] [MainThread]: os info: macOS-27.0-arm64-arm-64bit-Mach-O
[0m10:12:35.770311 [info ] [MainThread]: Using profiles dir at dbt
[0m10:12:35.772875 [info ] [MainThread]: Using profiles.yml file at dbt/profiles.yml
[0m10:12:35.775630 [info ] [MainThread]: Using dbt_project.yml file at dbt/dbt_project.yml
[0m10:12:35.780328 [info ] [MainThread]: adapter type: duckdb
[0m10:12:35.780836 [info ] [MainThread]: adapter version: 1.11.0
[0m10:12:35.783428 [info ] [MainThread]: Configuration:
[0m10:12:35.783788 [info ] [MainThread]:   profiles.yml file [[32mOK found and valid[0m]
[0m10:12:35.786346 [info ] [MainThread]:   dbt_project.yml file [[31mERROR not found[0m]
[0m10:12:35.786496 [info ] [MainThread]: Required dependencies:
[0m10:12:35.786746 [debug] [MainThread]: Executing "git --help"
[0m10:12:35.804456 [debug] [MainThread]: STDOUT: "b"usage: git [-v | --version] [-h | --help] [-C <path>] [-c <name>=<value>]\n           [--exec-path[=<path>]] [--html-path] [--man-path] [--info-path]\n           [-p | --paginate | -P | --no-pager] [--no-replace-objects] [--no-lazy-fetch]\n           [--no-optional-locks] [--no-advice] [--bare] [--git-dir=<path>]\n           [--work-tree=<path>] [--namespace=<name>] [--config-env=<name>=<envvar>]\n           <command> [<args>]\n\nThese are common Git commands used in various situations:\n\nstart a working area (see also: git help tutorial)\n   clone      Clone a repository into a new directory\n   init       Create an empty Git repository or reinitialize an existing one\n\nwork on the current change (see also: git help everyday)\n   add        Add file contents to the index\n   mv         Move or rename a file, a directory, or a symlink\n   restore    Restore working tree files\n   rm         Remove files from the working tree and from the index\n\nexamine the history and state (see also: git help revisions)\n   bisect     Use binary search to find the commit that introduced a bug\n   diff       Show changes between commits, commit and working tree, etc\n   grep       Print lines matching a pattern\n   log        Show commit logs\n   show       Show various types of objects\n   status     Show the working tree status\n\ngrow, mark and tweak your common history\n   backfill   Download missing objects in a partial clone\n   branch     List, create, or delete branches\n   commit     Record changes to the repository\n   history    EXPERIMENTAL: Rewrite history\n   merge      Join two or more development histories together\n   rebase     Reapply commits on top of another base tip\n   reset      Set `HEAD` or the index to a known state\n   switch     Switch branches\n   tag        Create, list, delete or verify tags\n\ncollaborate (see also: git help workflows)\n   fetch      Download objects and refs from another repository\n   pull       Fetch from and integrate with another repository or a local branch\n   push       Update remote refs along with associated objects\n\n'git help -a' and 'git help -g' list available subcommands and some\nconcept guides. See 'git help <command>' or 'git help <concept>'\nto read about a specific subcommand or concept.\nSee 'git help git' for an overview of the system.\n""
[0m10:12:35.805076 [debug] [MainThread]: STDERR: "b''"
[0m10:12:35.805277 [info ] [MainThread]:  - git [[32mOK found[0m]

[0m10:12:35.805442 [info ] [MainThread]: Connection:
[0m10:12:35.805609 [info ] [MainThread]:   database: benchmark
[0m10:12:35.805732 [info ] [MainThread]:   schema: main
[0m10:12:35.805845 [info ] [MainThread]:   path: /Users/raphael/Documents/Dev/AITrivia/gold/benchmark.duckdb
[0m10:12:35.805962 [info ] [MainThread]:   config_options: None
[0m10:12:35.806079 [info ] [MainThread]:   extensions: None
[0m10:12:35.806196 [info ] [MainThread]:   settings: {}
[0m10:12:35.806309 [info ] [MainThread]:   external_root: .
[0m10:12:35.806417 [info ] [MainThread]:   use_credential_provider: None
[0m10:12:35.806530 [info ] [MainThread]:   attach: None
[0m10:12:35.806635 [info ] [MainThread]:   filesystems: None
[0m10:12:35.806741 [info ] [MainThread]:   remote: None
[0m10:12:35.806851 [info ] [MainThread]:   plugins: None
[0m10:12:35.806958 [info ] [MainThread]:   disable_transactions: False
[0m10:12:35.807596 [info ] [MainThread]: Registered adapter: duckdb=1.11.0
[0m10:12:35.856215 [debug] [MainThread]: Acquiring new duckdb connection 'debug'
[0m10:12:35.883885 [debug] [MainThread]: Using duckdb connection "debug"
[0m10:12:35.884262 [debug] [MainThread]: On debug: select 1 as id
[0m10:12:35.884428 [debug] [MainThread]: Opening a new connection, currently in state init
[0m10:12:35.897943 [debug] [MainThread]: SQL status: OK in 0.013 seconds
[0m10:12:35.898465 [debug] [MainThread]: On debug: Close
[0m10:12:35.898734 [info ] [MainThread]:   Connection test: [[32mOK connection ok[0m]

[0m10:12:35.898969 [info ] [MainThread]: [31m1 check failed:[0m
[0m10:12:35.899122 [info ] [MainThread]: Project loading failed for the following reason:
 project path <dbt/dbt_project.yml> not found

[0m10:12:35.928266 [debug] [MainThread]: Resource report: {"command_name": "debug", "command_success": false, "command_wall_clock_time": 0.4784317, "process_in_blocks": "0", "process_kernel_time": 0.239324, "process_mem_max_rss": "134348800", "process_out_blocks": "0", "process_user_time": 0.816486}
[0m10:12:35.929270 [debug] [MainThread]: Command `dbt debug` failed at 10:12:35.929063 after 0.48 seconds
[0m10:12:35.929840 [debug] [MainThread]: Connection 'debug' was properly closed.
[0m10:12:35.930120 [debug] [MainThread]: Sending event: {'category': 'dbt', 'action': 'invocation', 'label': 'end', 'context': [<snowplow_tracker.self_describing_json.SelfDescribingJson object at 0x10dd48180>, <snowplow_tracker.self_describing_json.SelfDescribingJson object at 0x10d8f2450>, <snowplow_tracker.self_describing_json.SelfDescribingJson object at 0x10d8a5590>]}
[0m10:12:35.930395 [debug] [MainThread]: Flushing usage events
[0m10:12:36.573759 [debug] [MainThread]: An error was encountered while trying to flush usage events
[0m10:12:42.487189 [debug] [MainThread]: Sending event: {'category': 'dbt', 'action': 'invocation', 'label': 'start', 'context': [<snowplow_tracker.self_describing_json.SelfDescribingJson object at 0x10c711be0>, <snowplow_tracker.self_describing_json.SelfDescribingJson object at 0x10dbe7750>, <snowplow_tracker.self_describing_json.SelfDescribingJson object at 0x10dbe7890>]}


============================== 10:12:42.489497 | 20887bfb-dcb1-4ecb-b44b-b03467b47b7d ==============================
[0m10:12:42.489497 [info ] [MainThread]: Running with dbt=1.12.5
[0m10:12:42.489822 [debug] [MainThread]: running dbt with arguments {'partial_parse': 'True', 'maximum_seed_size_mib': '1', 'printer_width': '80', 'write_json': 'True', 'introspect': 'True', 'log_path': 'logs', 'fail_fast': 'False', 'profiles_dir': 'dbt', 'use_colors': 'True', 'no_print': 'None', 'log_format': 'default', 'debug': 'False', 'log_cache_events': 'False', 'use_experimental_parser': 'False', 'hints_enabled': 'True', 'warn_error_options': 'WarnErrorOptionsV2(error=[], warn=[], silence=[])', 'static_parser': 'True', 'quiet': 'False', 'send_anonymous_usage_stats': 'True', 'warn_error': 'None', 'indirect_selection': 'eager', 'empty': 'False', 'version_check': 'True', 'target_path': 'None', 'invocation_command': 'dbt run --project-dir dbt --profiles-dir dbt', 'cache_selected_only': 'False'}
[0m10:12:42.490213 [error] [MainThread]: [[31mERROR[0m]: Encountered an error:
Runtime Error
  No dbt_project.yml found at expected path dbt/dbt_project.yml
  Verify that each entry within packages.yml (and their transitive dependencies) contains a file named dbt_project.yml
  
[0m10:12:42.491843 [debug] [MainThread]: Resource report: {"command_name": "run", "command_success": false, "command_wall_clock_time": 0.053629667, "process_in_blocks": "0", "process_kernel_time": 0.127614, "process_mem_max_rss": "114130944", "process_out_blocks": "0", "process_user_time": 0.70346}
[0m10:12:42.492304 [debug] [MainThread]: Command `dbt run` failed at 10:12:42.492219 after 0.05 seconds
[0m10:12:42.492612 [debug] [MainThread]: Sending event: {'category': 'dbt', 'action': 'invocation', 'label': 'end', 'context': [<snowplow_tracker.self_describing_json.SelfDescribingJson object at 0x10dc09a70>, <snowplow_tracker.self_describing_json.SelfDescribingJson object at 0x10dc11b50>, <snowplow_tracker.self_describing_json.SelfDescribingJson object at 0x10dc20d10>]}
[0m10:12:42.492842 [debug] [MainThread]: Flushing usage events
[0m10:12:43.022507 [debug] [MainThread]: An error was encountered while trying to flush usage events
